kotlin version: 2.4.0
error message: org.jetbrains.kotlin.util.FileAnalysisException: While analysing C:/Users/User/Documents/GitHub/CS_latino/SoloLatino/src/main/kotlin/com/sololatino/sololatino.kt:361:49: java.lang.IllegalStateException: anonymous function let@fun <implicit>.<anonymous>(): <implicit> <inline=Unknown>  {
    try {
        lval iframeDoc: <implicit> = app#.get#(url#, referer = data#).document#
        lval iframeSrc: <implicit> = iframeDoc#.selectFirst#(String(iframe))?.{ $subj$.attr#(String(src)) }
        when () {
            iframeSrc#.isNullOrBlank#().not#() ->  {
                loadExtractor#(fixHostsLinks#(iframeSrc#), data#, subtitleCallback#, callback#)
            }
            else ->  {
                loadExtractor#(fixHostsLinks#(url#), data#, subtitleCallback#, callback#)
            }
        }

    }
    catch (<unused var>: Exception) {
        loadExtractor#(fixHostsLinks#(url#), data#, subtitleCallback#, callback#)
    }

}
 not analyzed
	at org.jetbrains.kotlin.util.AnalysisExceptionsKt.wrapIntoFileAnalysisExceptionIfNeeded(AnalysisExceptions.kt:57)
	at org.jetbrains.kotlin.fir.FirCliExceptionHandler.handleExceptionOnFileAnalysis(Utils.kt:270)
	at org.jetbrains.kotlin.fir.resolve.transformers.body.resolve.FirDeclarationsResolveTransformer.transformFile(FirDeclarationsResolveTransformer.kt:1989)
	at org.jetbrains.kotlin.fir.resolve.transformers.body.resolve.FirAbstractBodyResolveTransformerDispatcher.transformFile(FirAbstractBodyResolveTransformerDispatcher.kt:60)
	at org.jetbrains.kotlin.fir.resolve.transformers.body.resolve.FirAbstractBodyResolveTransformerDispatcher.transformFile(FirAbstractBodyResolveTransformerDispatcher.kt:27)
	at org.jetbrains.kotlin.fir.declarations.FirFile.transform(FirFile.kt:47)
	at org.jetbrains.kotlin.fir.resolve.transformers.body.resolve.FirBodyResolveTransformerAdapter.transformFile(FirBodyResolveTransformerAdapters.kt:41)
	at org.jetbrains.kotlin.fir.declarations.FirFile.transform(FirFile.kt:47)
	at org.jetbrains.kotlin.fir.resolve.transformers.FirTransformerBasedResolveProcessor.processFile(FirResolveProcessor.kt:53)
	at org.jetbrains.kotlin.fir.resolve.transformers.FirTotalResolveProcessor.process(FirTotalResolveProcessor.kt:39)
	at org.jetbrains.kotlin.fir.pipeline.AnalyseKt.runResolution(analyse.kt:25)
	at org.jetbrains.kotlin.fir.pipeline.FirUtilsKt.resolveAndCheckFir(firUtils.kt:78)
	at org.jetbrains.kotlin.cli.pipeline.jvm.JvmFrontendPipelinePhase.executePhase(JvmFrontendPipelinePhase.kt:168)
	at org.jetbrains.kotlin.cli.pipeline.jvm.JvmFrontendPipelinePhase.executePhase(JvmFrontendPipelinePhase.kt:51)
	at org.jetbrains.kotlin.cli.pipeline.PipelinePhase.phaseBody(PipelinePhase.kt:63)
	at org.jetbrains.kotlin.cli.pipeline.PipelinePhase.phaseBody(PipelinePhase.kt:53)
	at org.jetbrains.kotlin.config.phaser.NamedCompilerPhase.invoke(CompilerPhase.kt:102)
	at org.jetbrains.kotlin.backend.common.phaser.CompositePhase.invoke(PhaseBuilders.kt:22)
	at org.jetbrains.kotlin.config.phaser.CompilerPhaseKt.invokeToplevel(CompilerPhase.kt:53)
	at org.jetbrains.kotlin.cli.pipeline.AbstractCliPipeline.runPhasedPipeline(AbstractCliPipeline.kt:135)
	at org.jetbrains.kotlin.cli.pipeline.AbstractCliPipeline.executeAndReturnPipeLineArtifact(AbstractCliPipeline.kt:89)
	at org.jetbrains.kotlin.cli.pipeline.AbstractCliPipeline.executeAndReturnPipeLineArtifact$default(AbstractCliPipeline.kt:49)
	at org.jetbrains.kotlin.cli.pipeline.AbstractCliPipeline.execute(AbstractCliPipeline.kt:40)
	at org.jetbrains.kotlin.cli.jvm.K2JVMCompiler.doExecutePhased(K2JVMCompiler.kt:54)
	at org.jetbrains.kotlin.cli.jvm.K2JVMCompiler.doExecutePhased(K2JVMCompiler.kt:45)
	at org.jetbrains.kotlin.cli.common.CLICompiler.execImpl(CLICompiler.kt:94)
	at org.jetbrains.kotlin.cli.common.CLICompiler.exec(CLICompiler.kt:366)
	at org.jetbrains.kotlin.incremental.IncrementalJvmCompilerRunnerBase.runCompiler(IncrementalJvmCompilerRunnerBase.kt:211)
	at org.jetbrains.kotlin.incremental.IncrementalJvmCompilerRunnerBase.runCompiler(IncrementalJvmCompilerRunnerBase.kt:53)
	at org.jetbrains.kotlin.incremental.IncrementalCompilerRunner.doCompile(IncrementalCompilerRunner.kt:539)
	at org.jetbrains.kotlin.incremental.IncrementalCompilerRunner.compileImpl(IncrementalCompilerRunner.kt:451)
	at org.jetbrains.kotlin.incremental.IncrementalCompilerRunner.tryCompileIncrementally$lambda$0$compile(IncrementalCompilerRunner.kt:271)
	at org.jetbrains.kotlin.incremental.IncrementalCompilerRunner.tryCompileIncrementally(IncrementalCompilerRunner.kt:289)
	at org.jetbrains.kotlin.incremental.IncrementalCompilerRunner.compile(IncrementalCompilerRunner.kt:130)
	at org.jetbrains.kotlin.daemon.CompileServiceImplBase.execIncrementalCompiler(CompileServiceImpl.kt:782)
	at org.jetbrains.kotlin.daemon.CompileServiceImplBase.access$execIncrementalCompiler(CompileServiceImpl.kt:108)
	at org.jetbrains.kotlin.daemon.CompileServiceImpl.compile(CompileServiceImpl.kt:2046)
	at jdk.internal.reflect.GeneratedMethodAccessor12.invoke(Unknown Source)
	at java.base/jdk.internal.reflect.DelegatingMethodAccessorImpl.invoke(DelegatingMethodAccessorImpl.java:43)
	at java.base/java.lang.reflect.Method.invoke(Method.java:569)
	at java.rmi/sun.rmi.server.UnicastServerRef.dispatch(UnicastServerRef.java:360)
	at java.rmi/sun.rmi.transport.Transport$1.run(Transport.java:200)
	at java.rmi/sun.rmi.transport.Transport$1.run(Transport.java:197)
	at java.base/java.security.AccessController.doPrivileged(AccessController.java:712)
	at java.rmi/sun.rmi.transport.Transport.serviceCall(Transport.java:196)
	at java.rmi/sun.rmi.transport.tcp.TCPTransport.handleMessages(TCPTransport.java:587)
	at java.rmi/sun.rmi.transport.tcp.TCPTransport$ConnectionHandler.run0(TCPTransport.java:828)
	at java.rmi/sun.rmi.transport.tcp.TCPTransport$ConnectionHandler.lambda$run$0(TCPTransport.java:705)
	at java.base/java.security.AccessController.doPrivileged(AccessController.java:399)
	at java.rmi/sun.rmi.transport.tcp.TCPTransport$ConnectionHandler.run(TCPTransport.java:704)
	at java.base/java.util.concurrent.ThreadPoolExecutor.runWorker(ThreadPoolExecutor.java:1136)
	at java.base/java.util.concurrent.ThreadPoolExecutor$Worker.run(ThreadPoolExecutor.java:635)
	at java.base/java.lang.Thread.run(Thread.java:840)
Caused by: java.lang.IllegalStateException: anonymous function let@fun <implicit>.<anonymous>(): <implicit> <inline=Unknown>  {
    try {
        lval iframeDoc: <implicit> = app#.get#(url#, referer = data#).document#
        lval iframeSrc: <implicit> = iframeDoc#.selectFirst#(String(iframe))?.{ $subj$.attr#(String(src)) }
        when () {
            iframeSrc#.isNullOrBlank#().not#() ->  {
                loadExtractor#(fixHostsLinks#(iframeSrc#), data#, subtitleCallback#, callback#)
            }
            else ->  {
                loadExtractor#(fixHostsLinks#(url#), data#, subtitleCallback#, callback#)
            }
        }

    }
    catch (<unused var>: Exception) {
        loadExtractor#(fixHostsLinks#(url#), data#, subtitleCallback#, callback#)
    }

}
 not analyzed
	at org.jetbrains.kotlin.fir.resolve.dfa.FirDataFlowAnalyzer.returnExpressionsOfAnonymousFunction(FirDataFlowAnalyzer.kt:323)
	at org.jetbrains.kotlin.fir.resolve.transformers.FirCallCompletionResultsWriterTransformer.transformAnonymousFunction(FirCallCompletionResultsWriterTransformer.kt:1085)
	at org.jetbrains.kotlin.fir.resolve.transformers.FirCallCompletionResultsWriterTransformer.transformAnonymousFunction(FirCallCompletionResultsWriterTransformer.kt:68)
	at org.jetbrains.kotlin.fir.declarations.FirAnonymousFunction.transform(FirAnonymousFunction.kt:87)
	at org.jetbrains.kotlin.fir.expressions.impl.FirAnonymousFunctionExpressionImpl.transformAnonymousFunction(FirAnonymousFunctionExpressionImpl.kt:56)
	at org.jetbrains.kotlin.fir.expressions.impl.FirAnonymousFunctionExpressionImpl.transformAnonymousFunction(FirAnonymousFunctionExpressionImpl.kt:20)
	at org.jetbrains.kotlin.fir.resolve.transformers.FirCallCompletionResultsWriterTransformer.transformAnonymousFunctionExpression(FirCallCompletionResultsWriterTransformer.kt:1076)
	at org.jetbrains.kotlin.fir.resolve.transformers.FirCallCompletionResultsWriterTransformer.transformAnonymousFunctionExpression(FirCallCompletionResultsWriterTransformer.kt:68)
	at org.jetbrains.kotlin.fir.expressions.FirAnonymousFunctionExpression.transform(FirAnonymousFunctionExpression.kt:34)
	at org.jetbrains.kotlin.fir.visitors.FirTransformerUtilKt.transformSingle(FirTransformerUtil.kt:13)
	at org.jetbrains.kotlin.fir.resolve.transformers.FirCallCompletionResultsWriterTransformer.transformAnonymousFunction(FirCallCompletionResultsWriterTransformer.kt:1138)
	at org.jetbrains.kotlin.fir.resolve.transformers.FirCallCompletionResultsWriterTransformer.transformAnonymousFunction(FirCallCompletionResultsWriterTransformer.kt:68)
	at org.jetbrains.kotlin.fir.declarations.FirAnonymousFunction.transform(FirAnonymousFunction.kt:87)
	at org.jetbrains.kotlin.fir.expressions.impl.FirAnonymousFunctionExpressionImpl.transformAnonymousFunction(FirAnonymousFunctionExpressionImpl.kt:56)
	at org.jetbrains.kotlin.fir.expressions.impl.FirAnonymousFunctionExpressionImpl.transformAnonymousFunction(FirAnonymousFunctionExpressionImpl.kt:20)
	at org.jetbrains.kotlin.fir.resolve.transformers.FirCallCompletionResultsWriterTransformer.transformAnonymousFunctionExpression(FirCallCompletionResultsWriterTransformer.kt:1076)
	at org.jetbrains.kotlin.fir.resolve.transformers.FirCallCompletionResultsWriterTransformer.transformAnonymousFunctionExpression(FirCallCompletionResultsWriterTransformer.kt:68)
	at org.jetbrains.kotlin.fir.expressions.FirAnonymousFunctionExpression.transform(FirAnonymousFunctionExpression.kt:34)
	at org.jetbrains.kotlin.fir.visitors.FirTransformerUtilKt.transformSingle(FirTransformerUtil.kt:13)
	at org.jetbrains.kotlin.fir.resolve.transformers.FirCallCompletionResultsWriterTransformer$transformArgumentList$ArgumentTransformer.transformElement(FirCallCompletionResultsWriterTransformer.kt:597)
	at org.jetbrains.kotlin.fir.resolve.transformers.FirCallCompletionResultsWriterTransformer$transformArgumentList$ArgumentTransformer.transformElement(FirCallCompletionResultsWriterTransformer.kt:586)
	at org.jetbrains.kotlin.fir.visitors.FirTransformer.transformAnonymousFunctionExpression(FirTransformer.kt:487)
	at org.jetbrains.kotlin.fir.expressions.FirAnonymousFunctionExpression.transform(FirAnonymousFunctionExpression.kt:34)
	at org.jetbrains.kotlin.fir.visitors.FirTransformerUtilKt.transformSingle(FirTransformerUtil.kt:13)
	at org.jetbrains.kotlin.fir.expressions.impl.FirResolvedArgumentListImpl.transformArguments(FirResolvedArgumentList.kt:82)
	at org.jetbrains.kotlin.fir.resolve.transformers.FirCallCompletionResultsWriterTransformer.transformArgumentList(FirCallCompletionResultsWriterTransformer.kt:646)
	at org.jetbrains.kotlin.fir.resolve.transformers.FirCallCompletionResultsWriterTransformer.transformFunctionCall(FirCallCompletionResultsWriterTransformer.kt:465)
	at org.jetbrains.kotlin.fir.resolve.transformers.FirCallCompletionResultsWriterTransformer.transformFunctionCall(FirCallCompletionResultsWriterTransformer.kt:68)
	at org.jetbrains.kotlin.fir.expressions.FirFunctionCall.transform(FirFunctionCall.kt:45)
	at org.jetbrains.kotlin.fir.expressions.impl.FirSafeCallExpressionImpl.transformSelector(FirSafeCallExpressionImpl.kt:58)
	at org.jetbrains.kotlin.fir.expressions.impl.FirSafeCallExpressionImpl.transformSelector(FirSafeCallExpressionImpl.kt:23)
	at org.jetbrains.kotlin.fir.resolve.transformers.FirCallCompletionResultsWriterTransformer.transformSafeCallExpression(FirCallCompletionResultsWriterTransformer.kt:792)
	at org.jetbrains.kotlin.fir.resolve.transformers.FirCallCompletionResultsWriterTransformer.transformSafeCallExpression(FirCallCompletionResultsWriterTransformer.kt:68)
	at org.jetbrains.kotlin.fir.expressions.FirSafeCallExpression.transform(FirSafeCallExpression.kt:35)
	at org.jetbrains.kotlin.fir.visitors.FirTransformerUtilKt.transformInplace(FirTransformerUtil.kt:20)
	at org.jetbrains.kotlin.fir.expressions.impl.FirBlockImpl.transformStatements(FirBlockImpl.kt:52)
	at org.jetbrains.kotlin.fir.expressions.impl.FirBlockImpl.transformChildren(FirBlockImpl.kt:41)
	at org.jetbrains.kotlin.fir.expressions.impl.FirBlockImpl.transformChildren(FirBlockImpl.kt:25)
	at org.jetbrains.kotlin.fir.resolve.transformers.FirAbstractTreeTransformer.transformElement(FirAbstractTreeTransformer.kt:14)
	at org.jetbrains.kotlin.fir.resolve.transformers.FirCallCompletionResultsWriterTransformer.transformElement(FirCallCompletionResultsWriterTransformer.kt:1513)
	at org.jetbrains.kotlin.fir.resolve.transformers.FirCallCompletionResultsWriterTransformer.transformBlock(FirCallCompletionResultsWriterTransformer.kt:1253)
	at org.jetbrains.kotlin.fir.resolve.transformers.FirCallCompletionResultsWriterTransformer.transformBlock(FirCallCompletionResultsWriterTransformer.kt:68)
	at org.jetbrains.kotlin.fir.expressions.FirBlock.transform(FirBlock.kt:33)
	at org.jetbrains.kotlin.fir.expressions.impl.FirTryExpressionImpl.transformTryBlock(FirTryExpressionImpl.kt:63)
	at org.jetbrains.kotlin.fir.expressions.impl.FirTryExpressionImpl.transformTryBlock(FirTryExpressionImpl.kt:23)
	at org.jetbrains.kotlin.fir.resolve.transformers.FirCallCompletionResultsWriterTransformer.transformTryExpression(FirCallCompletionResultsWriterTransformer.kt:1906)
	at org.jetbrains.kotlin.fir.resolve.transformers.FirCallCompletionResultsWriterTransformer.transformTryExpression(FirCallCompletionResultsWriterTransformer.kt:68)
	at org.jetbrains.kotlin.fir.expressions.FirTryExpression.transform(FirTryExpression.kt:36)
	at org.jetbrains.kotlin.fir.visitors.FirTransformerUtilKt.transformSingle(FirTransformerUtil.kt:13)
	at org.jetbrains.kotlin.fir.resolve.inference.FirCallCompleter.completeCall(FirCallCompleter.kt:124)
	at org.jetbrains.kotlin.fir.resolve.inference.FirCallCompleter.completeCall$default(FirCallCompleter.kt:69)
	at org.jetbrains.kotlin.fir.resolve.transformers.body.resolve.FirControlFlowStatementsResolveTransformer.transformTryExpression(FirControlFlowStatementsResolveTransformer.kt:154)
	at org.jetbrains.kotlin.fir.resolve.transformers.body.resolve.FirAbstractBodyResolveTransformerDispatcher.transformTryExpression(FirAbstractBodyResolveTransformerDispatcher.kt:715)
	at org.jetbrains.kotlin.fir.resolve.transformers.body.resolve.FirAbstractBodyResolveTransformerDispatcher.transformTryExpression(FirAbstractBodyResolveTransformerDispatcher.kt:27)
	at org.jetbrains.kotlin.fir.expressions.FirTryExpression.transform(FirTryExpression.kt:36)
	at org.jetbrains.kotlin.fir.expressions.FirExpressionUtilKt.transformStatementsIndexed(FirExpressionUtil.kt:253)
	at org.jetbrains.kotlin.fir.resolve.transformers.body.resolve.FirExpressionsResolveTransformer.transformBlockInCurrentScope$org_jetbrains_kotlin_resolve(FirExpressionsResolveTransformer.kt:856)
	at org.jetbrains.kotlin.fir.resolve.transformers.body.resolve.FirExpressionsResolveTransformer.transformBlock(FirExpressionsResolveTransformer.kt:847)
	at org.jetbrains.kotlin.fir.resolve.transformers.body.resolve.FirAbstractBodyResolveTransformerDispatcher.transformBlock(FirAbstractBodyResolveTransformerDispatcher.kt:227)
	at org.jetbrains.kotlin.fir.resolve.transformers.body.resolve.FirAbstractBodyResolveTransformerDispatcher.transformBlock(FirAbstractBodyResolveTransformerDispatcher.kt:27)
	at org.jetbrains.kotlin.fir.expressions.FirBlock.transform(FirBlock.kt:33)
	at org.jetbrains.kotlin.fir.resolve.transformers.body.resolve.FirPartialBodyResolveTransformer.transformElement(FirPartialBodyResolveTransformer.kt:36)
	at org.jetbrains.kotlin.fir.resolve.transformers.body.resolve.FirPartialBodyResolveTransformer.transformElement(FirPartialBodyResolveTransformer.kt:13)
	at org.jetbrains.kotlin.fir.visitors.FirTransformer.transformBlock(FirTransformer.kt:183)
	at org.jetbrains.kotlin.fir.expressions.FirBlock.transform(FirBlock.kt:33)
	at org.jetbrains.kotlin.fir.declarations.impl.FirAnonymousFunctionImpl.transformBody(FirAnonymousFunctionImpl.kt:134)
	at org.jetbrains.kotlin.fir.declarations.impl.FirAnonymousFunctionImpl.transformBody(FirAnonymousFunctionImpl.kt:33)
	at org.jetbrains.kotlin.fir.resolve.transformers.body.resolve.FirDeclarationsResolveTransformer.transformFunctionContent(FirDeclarationsResolveTransformer.kt:1108)
	at org.jetbrains.kotlin.fir.resolve.transformers.body.resolve.FirDeclarationsResolveTransformer.transformAnonymousFunctionBody$lambda$0(FirDeclarationsResolveTransformer.kt:1535)
	at org.jetbrains.kotlin.fir.resolve.transformers.body.resolve.BodyResolveContext.withAnonymousFunction(BodyResolveContext.kt:932)
	at org.jetbrains.kotlin.fir.resolve.transformers.body.resolve.FirDeclarationsResolveTransformer.transformAnonymousFunctionBody(FirDeclarationsResolveTransformer.kt:1525)
	at org.jetbrains.kotlin.fir.resolve.transformers.body.resolve.FirDeclarationsResolveTransformer.doTransformAnonymousFunctionBodyFromCallCompletion$org_jetbrains_kotlin_resolve(FirDeclarationsResolveTransformer.kt:1515)
	at org.jetbrains.kotlin.fir.resolve.inference.FirCallCompleter$LambdaAnalyzerImpl.analyzeAndGetLambdaReturnArguments$lambda$5$2(FirCallCompleter.kt:504)
	at org.jetbrains.kotlin.fir.resolve.inference.FirInferenceSession.runLambdaCompletion(FirInferenceSession.kt:38)
	at org.jetbrains.kotlin.fir.resolve.inference.FirCallCompleter$LambdaAnalyzerImpl.analyzeAndGetLambdaReturnArguments(FirCallCompleter.kt:503)
	at org.jetbrains.kotlin.fir.resolve.inference.PostponedArgumentsAnalyzer.analyzeLambda(PostponedArgumentsAnalyzer.kt:301)
	at org.jetbrains.kotlin.fir.resolve.inference.PostponedArgumentsAnalyzer.analyzeLambda$default(PostponedArgumentsAnalyzer.kt:244)
	at org.jetbrains.kotlin.fir.resolve.inference.PostponedArgumentsAnalyzer.analyze(PostponedArgumentsAnalyzer.kt:70)
	at org.jetbrains.kotlin.fir.resolve.inference.FirCallCompleter.runCompletionForCall$lambda$0(FirCallCompleter.kt:327)
	at org.jetbrains.kotlin.fir.resolve.inference.ConstraintSystemCompleter.analyze(ConstraintSystemCompleter.kt:57)
	at org.jetbrains.kotlin.fir.resolve.inference.ConstraintSystemCompleter.analyze$default(ConstraintSystemCompleter.kt:53)
	at org.jetbrains.kotlin.fir.resolve.inference.ConstraintSystemCompleter.runCompletion$lambda$0(ConstraintSystemCompleter.kt:99)
	at org.jetbrains.kotlin.resolve.calls.inference.components.ConstraintSystemCompletionContext.analyzeArgumentWithFixedParameterTypes(ConstraintSystemCompletionContext.kt:50)
	at org.jetbrains.kotlin.fir.resolve.inference.ConstraintSystemCompleter.runCompletion(ConstraintSystemCompleter.kt:98)
	at org.jetbrains.kotlin.fir.resolve.inference.ConstraintSystemCompleter.complete(ConstraintSystemCompleter.kt:72)
	at org.jetbrains.kotlin.fir.resolve.inference.FirCallCompleter.runCompletionForCall(FirCallCompleter.kt:320)
	at org.jetbrains.kotlin.fir.resolve.inference.FirCallCompleter.completeCall(FirCallCompleter.kt:117)
	at org.jetbrains.kotlin.fir.resolve.transformers.body.resolve.FirExpressionsResolveTransformer.transformFunctionCallInternal$org_jetbrains_kotlin_resolve(FirExpressionsResolveTransformer.kt:699)
	at org.jetbrains.kotlin.fir.resolve.transformers.body.resolve.FirExpressionsResolveTransformer.transformFunctionCall(FirExpressionsResolveTransformer.kt:622)
	at org.jetbrains.kotlin.fir.resolve.transformers.body.resolve.FirExpressionsResolveTransformer.transformFunctionCall(FirExpressionsResolveTransformer.kt:69)
	at org.jetbrains.kotlin.fir.expressions.FirFunctionCall.transform(FirFunctionCall.kt:45)
	at org.jetbrains.kotlin.fir.visitors.FirTransformerUtilKt.transformSingle(FirTransformerUtil.kt:13)
	at org.jetbrains.kotlin.fir.resolve.transformers.body.resolve.FirExpressionsResolveTransformer.transformAsExplicitReceiver(FirExpressionsResolveTransformer.kt:414)
	at org.jetbrains.kotlin.fir.resolve.transformers.body.resolve.FirExpressionsResolveTransformer.transformExplicitReceiverOf(FirExpressionsResolveTransformer.kt:396)
	at org.jetbrains.kotlin.fir.resolve.transformers.body.resolve.FirExpressionsResolveTransformer.transformFunctionCallInternal$org_jetbrains_kotlin_resolve(FirExpressionsResolveTransformer.kt:678)
	at org.jetbrains.kotlin.fir.resolve.transformers.body.resolve.FirExpressionsResolveTransformer.transformFunctionCall(FirExpressionsResolveTransformer.kt:622)
	at org.jetbrains.kotlin.fir.resolve.transformers.body.resolve.FirAbstractBodyResolveTransformerDispatcher.transformFunctionCall(FirAbstractBodyResolveTransformerDispatcher.kt:200)
	at org.jetbrains.kotlin.fir.resolve.transformers.body.resolve.FirAbstractBodyResolveTransformerDispatcher.transformFunctionCall(FirAbstractBodyResolveTransformerDispatcher.kt:27)
	at org.jetbrains.kotlin.fir.expressions.FirFunctionCall.transform(FirFunctionCall.kt:45)
	at org.jetbrains.kotlin.fir.expressions.FirExpressionUtilKt.transformStatementsIndexed(FirExpressionUtil.kt:253)
	at org.jetbrains.kotlin.fir.resolve.transformers.body.resolve.FirExpressionsResolveTransformer.transformBlockInCurrentScope$org_jetbrains_kotlin_resolve(FirExpressionsResolveTransformer.kt:856)
	at org.jetbrains.kotlin.fir.resolve.transformers.body.resolve.FirExpressionsResolveTransformer.transformBlock(FirExpressionsResolveTransformer.kt:847)
	at org.jetbrains.kotlin.fir.resolve.transformers.body.resolve.FirAbstractBodyResolveTransformerDispatcher.transformBlock(FirAbstractBodyResolveTransformerDispatcher.kt:227)
	at org.jetbrains.kotlin.fir.resolve.transformers.body.resolve.FirAbstractBodyResolveTransformerDispatcher.transformBlock(FirAbstractBodyResolveTransformerDispatcher.kt:27)
	at org.jetbrains.kotlin.fir.expressions.FirBlock.transform(FirBlock.kt:33)
	at org.jetbrains.kotlin.fir.resolve.transformers.body.resolve.FirPartialBodyResolveTransformer.transformElement(FirPartialBodyResolveTransformer.kt:36)
	at org.jetbrains.kotlin.fir.resolve.transformers.body.resolve.FirPartialBodyResolveTransformer.transformElement(FirPartialBodyResolveTransformer.kt:13)
	at org.jetbrains.kotlin.fir.visitors.FirTransformer.transformBlock(FirTransformer.kt:183)
	at org.jetbrains.kotlin.fir.expressions.FirBlock.transform(FirBlock.kt:33)
	at org.jetbrains.kotlin.fir.declarations.impl.FirNamedFunctionImpl.transformBody(FirNamedFunctionImpl.kt:117)
	at org.jetbrains.kotlin.fir.declarations.impl.FirNamedFunctionImpl.transformBody(FirNamedFunctionImpl.kt:32)
	at org.jetbrains.kotlin.fir.resolve.transformers.body.resolve.FirDeclarationsResolveTransformer.transformFunctionContent(FirDeclarationsResolveTransformer.kt:1108)
	at org.jetbrains.kotlin.fir.resolve.transformers.body.resolve.FirDeclarationsResolveTransformer.transformFunctionWithGivenSignature(FirDeclarationsResolveTransformer.kt:1026)
	at org.jetbrains.kotlin.fir.resolve.transformers.body.resolve.FirDeclarationsResolveTransformer.access$transformFunctionWithGivenSignature(FirDeclarationsResolveTransformer.kt:69)
	at org.jetbrains.kotlin.fir.resolve.transformers.body.resolve.FirDeclarationsResolveTransformer.transformNamedFunction$lambda$0$0$0(FirDeclarationsResolveTransformer.kt:1018)
	at org.jetbrains.kotlin.fir.resolve.transformers.body.resolve.BodyResolveContext.withParameters(BodyResolveContext.kt:1546)
	at org.jetbrains.kotlin.fir.resolve.transformers.body.resolve.BodyResolveContext.forFunctionBody(BodyResolveContext.kt:876)
	at org.jetbrains.kotlin.fir.resolve.transformers.body.resolve.FirDeclarationsResolveTransformer.transformNamedFunction(FirDeclarationsResolveTransformer.kt:1016)
	at org.jetbrains.kotlin.fir.resolve.transformers.body.resolve.FirAbstractBodyResolveTransformerDispatcher.transformNamedFunction(FirAbstractBodyResolveTransformerDispatcher.kt:579)
	at org.jetbrains.kotlin.fir.resolve.transformers.body.resolve.FirAbstractBodyResolveTransformerDispatcher.transformNamedFunction(FirAbstractBodyResolveTransformerDispatcher.kt:27)
	at org.jetbrains.kotlin.fir.declarations.FirNamedFunction.transform(FirNamedFunction.kt:75)
	at org.jetbrains.kotlin.fir.visitors.FirTransformerUtilKt.transformInplace(FirTransformerUtil.kt:20)
	at org.jetbrains.kotlin.fir.declarations.impl.FirRegularClassImpl.transformDeclarations(FirRegularClassImpl.kt:97)
	at org.jetbrains.kotlin.fir.declarations.impl.FirRegularClassImpl.transformChildren(FirRegularClassImpl.kt:79)
	at org.jetbrains.kotlin.fir.declarations.impl.FirRegularClassImpl.transformChildren(FirRegularClassImpl.kt:31)
	at org.jetbrains.kotlin.fir.resolve.transformers.body.resolve.FirAbstractBodyResolveTransformerDispatcher.transformElement(FirAbstractBodyResolveTransformerDispatcher.kt:92)
	at org.jetbrains.kotlin.fir.resolve.transformers.body.resolve.FirAbstractBodyResolveTransformerDispatcher.transformDeclarationContent(FirAbstractBodyResolveTransformerDispatcher.kt:467)
	at org.jetbrains.kotlin.fir.resolve.transformers.body.resolve.FirDeclarationsResolveTransformer.transformDeclarationContent(FirDeclarationsResolveTransformer.kt:85)
	at org.jetbrains.kotlin.fir.resolve.transformers.body.resolve.FirDeclarationsResolveTransformer.doTransformRegularClassContent$lambda$0(FirDeclarationsResolveTransformer.kt:945)
	at org.jetbrains.kotlin.fir.resolve.transformers.body.resolve.FirDeclarationsResolveTransformer.forRegularClassBody$lambda$0(FirDeclarationsResolveTransformer.kt:954)
	at org.jetbrains.kotlin.fir.resolve.transformers.body.resolve.BodyResolveContext.forRegularClassBody$lambda$0$0(BodyResolveContext.kt:1964)
	at org.jetbrains.kotlin.fir.resolve.transformers.body.resolve.BodyResolveContext.withScopesForClass(BodyResolveContext.kt:703)
	at org.jetbrains.kotlin.fir.resolve.transformers.body.resolve.BodyResolveContext.forRegularClassBody(BodyResolveContext.kt:528)
	at org.jetbrains.kotlin.fir.resolve.transformers.body.resolve.FirDeclarationsResolveTransformer.forRegularClassBody(FirDeclarationsResolveTransformer.kt:953)
	at org.jetbrains.kotlin.fir.resolve.transformers.body.resolve.FirDeclarationsResolveTransformer.doTransformRegularClassContent(FirDeclarationsResolveTransformer.kt:944)
	at org.jetbrains.kotlin.fir.resolve.transformers.body.resolve.FirDeclarationsResolveTransformer.transformRegularClass(FirDeclarationsResolveTransformer.kt:855)
	at org.jetbrains.kotlin.fir.resolve.transformers.body.resolve.FirAbstractBodyResolveTransformerDispatcher.transformRegularClass(FirAbstractBodyResolveTransformerDispatcher.kt:552)
	at org.jetbrains.kotlin.fir.resolve.transformers.body.resolve.FirAbstractBodyResolveTransformerDispatcher.transformRegularClass(FirAbstractBodyResolveTransformerDispatcher.kt:27)
	at org.jetbrains.kotlin.fir.declarations.FirRegularClass.transform(FirRegularClass.kt:70)
	at org.jetbrains.kotlin.fir.visitors.FirTransformerUtilKt.transformInplace(FirTransformerUtil.kt:20)
	at org.jetbrains.kotlin.fir.declarations.impl.FirFileImpl.transformDeclarations(FirFileImpl.kt:83)
	at org.jetbrains.kotlin.fir.declarations.impl.FirFileImpl.transformChildren(FirFileImpl.kt:68)
	at org.jetbrains.kotlin.fir.declarations.impl.FirFileImpl.transformChildren(FirFileImpl.kt:29)
	at org.jetbrains.kotlin.fir.resolve.transformers.body.resolve.FirAbstractBodyResolveTransformerDispatcher.transformElement(FirAbstractBodyResolveTransformerDispatcher.kt:92)
	at org.jetbrains.kotlin.fir.resolve.transformers.body.resolve.FirAbstractBodyResolveTransformerDispatcher.transformDeclarationContent(FirAbstractBodyResolveTransformerDispatcher.kt:467)
	at org.jetbrains.kotlin.fir.resolve.transformers.body.resolve.FirDeclarationsResolveTransformer.transformDeclarationContent(FirDeclarationsResolveTransformer.kt:85)
	at org.jetbrains.kotlin.fir.resolve.transformers.body.resolve.FirDeclarationsResolveTransformer.doTransformFile$lambda$0(FirDeclarationsResolveTransformer.kt:917)
	at org.jetbrains.kotlin.fir.resolve.transformers.body.resolve.FirDeclarationsResolveTransformer.withFile(FirDeclarationsResolveTransformer.kt:930)
	at org.jetbrains.kotlin.fir.resolve.transformers.body.resolve.FirDeclarationsResolveTransformer.doTransformFile(FirDeclarationsResolveTransformer.kt:916)
	at org.jetbrains.kotlin.fir.resolve.transformers.body.resolve.FirDeclarationsResolveTransformer.transformFile(FirDeclarationsResolveTransformer.kt:833)
	... 50 more


error message: org.jetbrains.kotlin.util.FileAnalysisException: While analysing C:/Users/User/Documents/GitHub/CS_latino/SoloLatino/src/main/kotlin/com/sololatino/sololatino.kt:361:49: java.lang.IllegalStateException: anonymous function let@fun <implicit>.<anonymous>(): <implicit> <inline=Unknown>  {
    try {
        lval iframeDoc: <implicit> = app#.get#(url#, referer = data#).document#
        lval iframeSrc: <implicit> = iframeDoc#.selectFirst#(String(iframe))?.{ $subj$.attr#(String(src)) }
        when () {
            iframeSrc#.isNullOrBlank#().not#() ->  {
                loadExtractor#(fixHostsLinks#(iframeSrc#), data#, subtitleCallback#, callback#)
            }
            else ->  {
                loadExtractor#(fixHostsLinks#(url#), data#, subtitleCallback#, callback#)
            }
        }

    }
    catch (<unused var>: Exception) {
        loadExtractor#(fixHostsLinks#(url#), data#, subtitleCallback#, callback#)
    }

}
 not analyzed
	at org.jetbrains.kotlin.util.AnalysisExceptionsKt.wrapIntoFileAnalysisExceptionIfNeeded(AnalysisExceptions.kt:57)
	at org.jetbrains.kotlin.fir.FirCliExceptionHandler.handleExceptionOnFileAnalysis(Utils.kt:270)
	at org.jetbrains.kotlin.fir.resolve.transformers.body.resolve.FirDeclarationsResolveTransformer.transformFile(FirDeclarationsResolveTransformer.kt:1989)
	at org.jetbrains.kotlin.fir.resolve.transformers.body.resolve.FirAbstractBodyResolveTransformerDispatcher.transformFile(FirAbstractBodyResolveTransformerDispatcher.kt:60)
	at org.jetbrains.kotlin.fir.resolve.transformers.body.resolve.FirAbstractBodyResolveTransformerDispatcher.transformFile(FirAbstractBodyResolveTransformerDispatcher.kt:27)
	at org.jetbrains.kotlin.fir.declarations.FirFile.transform(FirFile.kt:47)
	at org.jetbrains.kotlin.fir.resolve.transformers.body.resolve.FirBodyResolveTransformerAdapter.transformFile(FirBodyResolveTransformerAdapters.kt:41)
	at org.jetbrains.kotlin.fir.declarations.FirFile.transform(FirFile.kt:47)
	at org.jetbrains.kotlin.fir.resolve.transformers.FirTransformerBasedResolveProcessor.processFile(FirResolveProcessor.kt:53)
	at org.jetbrains.kotlin.fir.resolve.transformers.FirTotalResolveProcessor.process(FirTotalResolveProcessor.kt:39)
	at org.jetbrains.kotlin.fir.pipeline.AnalyseKt.runResolution(analyse.kt:25)
	at org.jetbrains.kotlin.fir.pipeline.FirUtilsKt.resolveAndCheckFir(firUtils.kt:78)
	at org.jetbrains.kotlin.cli.pipeline.jvm.JvmFrontendPipelinePhase.executePhase(JvmFrontendPipelinePhase.kt:168)
	at org.jetbrains.kotlin.cli.pipeline.jvm.JvmFrontendPipelinePhase.executePhase(JvmFrontendPipelinePhase.kt:51)
	at org.jetbrains.kotlin.cli.pipeline.PipelinePhase.phaseBody(PipelinePhase.kt:63)
	at org.jetbrains.kotlin.cli.pipeline.PipelinePhase.phaseBody(PipelinePhase.kt:53)
	at org.jetbrains.kotlin.config.phaser.NamedCompilerPhase.invoke(CompilerPhase.kt:102)
	at org.jetbrains.kotlin.backend.common.phaser.CompositePhase.invoke(PhaseBuilders.kt:22)
	at org.jetbrains.kotlin.config.phaser.CompilerPhaseKt.invokeToplevel(CompilerPhase.kt:53)
	at org.jetbrains.kotlin.cli.pipeline.AbstractCliPipeline.runPhasedPipeline(AbstractCliPipeline.kt:135)
	at org.jetbrains.kotlin.cli.pipeline.AbstractCliPipeline.executeAndReturnPipeLineArtifact(AbstractCliPipeline.kt:89)
	at org.jetbrains.kotlin.cli.pipeline.AbstractCliPipeline.executeAndReturnPipeLineArtifact$default(AbstractCliPipeline.kt:49)
	at org.jetbrains.kotlin.cli.pipeline.AbstractCliPipeline.execute(AbstractCliPipeline.kt:40)
	at org.jetbrains.kotlin.cli.jvm.K2JVMCompiler.doExecutePhased(K2JVMCompiler.kt:54)
	at org.jetbrains.kotlin.cli.jvm.K2JVMCompiler.doExecutePhased(K2JVMCompiler.kt:45)
	at org.jetbrains.kotlin.cli.common.CLICompiler.execImpl(CLICompiler.kt:94)
	at org.jetbrains.kotlin.cli.common.CLICompiler.exec(CLICompiler.kt:366)
	at org.jetbrains.kotlin.incremental.IncrementalJvmCompilerRunnerBase.runCompiler(IncrementalJvmCompilerRunnerBase.kt:211)
	at org.jetbrains.kotlin.incremental.IncrementalJvmCompilerRunnerBase.runCompiler(IncrementalJvmCompilerRunnerBase.kt:53)
	at org.jetbrains.kotlin.incremental.IncrementalCompilerRunner.doCompile(IncrementalCompilerRunner.kt:539)
	at org.jetbrains.kotlin.incremental.IncrementalCompilerRunner.compileImpl(IncrementalCompilerRunner.kt:451)
	at org.jetbrains.kotlin.incremental.IncrementalCompilerRunner.tryCompileIncrementally$lambda$0$compile(IncrementalCompilerRunner.kt:271)
	at org.jetbrains.kotlin.incremental.IncrementalCompilerRunner.tryCompileIncrementally(IncrementalCompilerRunner.kt:289)
	at org.jetbrains.kotlin.incremental.IncrementalCompilerRunner.compile(IncrementalCompilerRunner.kt:130)
	at org.jetbrains.kotlin.buildtools.internal.jvm.operations.JvmCompilationOperationImpl.compileIncrementallyInProcess(JvmCompilationOperationImpl.kt:289)
	at org.jetbrains.kotlin.buildtools.internal.jvm.operations.JvmCompilationOperationImpl.compileIncrementallyInProcess(JvmCompilationOperationImpl.kt:55)
	at org.jetbrains.kotlin.buildtools.internal.BaseCompilationOperationImpl.compileInProcess(BaseCompilationOperationImpl.kt:261)
	at org.jetbrains.kotlin.buildtools.internal.jvm.operations.JvmCompilationOperationImpl.compileInProcess(JvmCompilationOperationImpl.kt:222)
	at org.jetbrains.kotlin.buildtools.internal.BaseCompilationOperationImpl.executeCancellableImpl(BaseCompilationOperationImpl.kt:88)
	at org.jetbrains.kotlin.buildtools.internal.BaseCompilationOperationImpl.executeCancellableImpl(BaseCompilationOperationImpl.kt:55)
	at org.jetbrains.kotlin.buildtools.internal.CancellableBuildOperationImpl.executeImpl(CancellableBuildOperationImpl.kt:58)
	at org.jetbrains.kotlin.buildtools.internal.BuildOperationImpl.execute(BuildOperationImpl.kt:33)
	at org.jetbrains.kotlin.buildtools.internal.KotlinToolchainsImpl$BuildSessionImpl.executeOperation$lambda$1(KotlinToolchainsImpl.kt:74)
	at java.base/java.util.concurrent.FutureTask.run(FutureTask.java:264)
	at java.base/java.util.concurrent.ThreadPoolExecutor.runWorker(ThreadPoolExecutor.java:1136)
	at java.base/java.util.concurrent.ThreadPoolExecutor$Worker.run(ThreadPoolExecutor.java:635)
	at java.base/java.lang.Thread.run(Thread.java:840)
Caused by: java.lang.IllegalStateException: anonymous function let@fun <implicit>.<anonymous>(): <implicit> <inline=Unknown>  {
    try {
        lval iframeDoc: <implicit> = app#.get#(url#, referer = data#).document#
        lval iframeSrc: <implicit> = iframeDoc#.selectFirst#(String(iframe))?.{ $subj$.attr#(String(src)) }
        when () {
            iframeSrc#.isNullOrBlank#().not#() ->  {
                loadExtractor#(fixHostsLinks#(iframeSrc#), data#, subtitleCallback#, callback#)
            }
            else ->  {
                loadExtractor#(fixHostsLinks#(url#), data#, subtitleCallback#, callback#)
            }
        }

    }
    catch (<unused var>: Exception) {
        loadExtractor#(fixHostsLinks#(url#), data#, subtitleCallback#, callback#)
    }

}
 not analyzed
	at org.jetbrains.kotlin.fir.resolve.dfa.FirDataFlowAnalyzer.returnExpressionsOfAnonymousFunction(FirDataFlowAnalyzer.kt:323)
	at org.jetbrains.kotlin.fir.resolve.transformers.FirCallCompletionResultsWriterTransformer.transformAnonymousFunction(FirCallCompletionResultsWriterTransformer.kt:1085)
	at org.jetbrains.kotlin.fir.resolve.transformers.FirCallCompletionResultsWriterTransformer.transformAnonymousFunction(FirCallCompletionResultsWriterTransformer.kt:68)
	at org.jetbrains.kotlin.fir.declarations.FirAnonymousFunction.transform(FirAnonymousFunction.kt:87)
	at org.jetbrains.kotlin.fir.expressions.impl.FirAnonymousFunctionExpressionImpl.transformAnonymousFunction(FirAnonymousFunctionExpressionImpl.kt:56)
	at org.jetbrains.kotlin.fir.expressions.impl.FirAnonymousFunctionExpressionImpl.transformAnonymousFunction(FirAnonymousFunctionExpressionImpl.kt:20)
	at org.jetbrains.kotlin.fir.resolve.transformers.FirCallCompletionResultsWriterTransformer.transformAnonymousFunctionExpression(FirCallCompletionResultsWriterTransformer.kt:1076)
	at org.jetbrains.kotlin.fir.resolve.transformers.FirCallCompletionResultsWriterTransformer.transformAnonymousFunctionExpression(FirCallCompletionResultsWriterTransformer.kt:68)
	at org.jetbrains.kotlin.fir.expressions.FirAnonymousFunctionExpression.transform(FirAnonymousFunctionExpression.kt:34)
	at org.jetbrains.kotlin.fir.visitors.FirTransformerUtilKt.transformSingle(FirTransformerUtil.kt:13)
	at org.jetbrains.kotlin.fir.resolve.transformers.FirCallCompletionResultsWriterTransformer.transformAnonymousFunction(FirCallCompletionResultsWriterTransformer.kt:1138)
	at org.jetbrains.kotlin.fir.resolve.transformers.FirCallCompletionResultsWriterTransformer.transformAnonymousFunction(FirCallCompletionResultsWriterTransformer.kt:68)
	at org.jetbrains.kotlin.fir.declarations.FirAnonymousFunction.transform(FirAnonymousFunction.kt:87)
	at org.jetbrains.kotlin.fir.expressions.impl.FirAnonymousFunctionExpressionImpl.transformAnonymousFunction(FirAnonymousFunctionExpressionImpl.kt:56)
	at org.jetbrains.kotlin.fir.expressions.impl.FirAnonymousFunctionExpressionImpl.transformAnonymousFunction(FirAnonymousFunctionExpressionImpl.kt:20)
	at org.jetbrains.kotlin.fir.resolve.transformers.FirCallCompletionResultsWriterTransformer.transformAnonymousFunctionExpression(FirCallCompletionResultsWriterTransformer.kt:1076)
	at org.jetbrains.kotlin.fir.resolve.transformers.FirCallCompletionResultsWriterTransformer.transformAnonymousFunctionExpression(FirCallCompletionResultsWriterTransformer.kt:68)
	at org.jetbrains.kotlin.fir.expressions.FirAnonymousFunctionExpression.transform(FirAnonymousFunctionExpression.kt:34)
	at org.jetbrains.kotlin.fir.visitors.FirTransformerUtilKt.transformSingle(FirTransformerUtil.kt:13)
	at org.jetbrains.kotlin.fir.resolve.transformers.FirCallCompletionResultsWriterTransformer$transformArgumentList$ArgumentTransformer.transformElement(FirCallCompletionResultsWriterTransformer.kt:597)
	at org.jetbrains.kotlin.fir.resolve.transformers.FirCallCompletionResultsWriterTransformer$transformArgumentList$ArgumentTransformer.transformElement(FirCallCompletionResultsWriterTransformer.kt:586)
	at org.jetbrains.kotlin.fir.visitors.FirTransformer.transformAnonymousFunctionExpression(FirTransformer.kt:487)
	at org.jetbrains.kotlin.fir.expressions.FirAnonymousFunctionExpression.transform(FirAnonymousFunctionExpression.kt:34)
	at org.jetbrains.kotlin.fir.visitors.FirTransformerUtilKt.transformSingle(FirTransformerUtil.kt:13)
	at org.jetbrains.kotlin.fir.expressions.impl.FirResolvedArgumentListImpl.transformArguments(FirResolvedArgumentList.kt:82)
	at org.jetbrains.kotlin.fir.resolve.transformers.FirCallCompletionResultsWriterTransformer.transformArgumentList(FirCallCompletionResultsWriterTransformer.kt:646)
	at org.jetbrains.kotlin.fir.resolve.transformers.FirCallCompletionResultsWriterTransformer.transformFunctionCall(FirCallCompletionResultsWriterTransformer.kt:465)
	at org.jetbrains.kotlin.fir.resolve.transformers.FirCallCompletionResultsWriterTransformer.transformFunctionCall(FirCallCompletionResultsWriterTransformer.kt:68)
	at org.jetbrains.kotlin.fir.expressions.FirFunctionCall.transform(FirFunctionCall.kt:45)
	at org.jetbrains.kotlin.fir.expressions.impl.FirSafeCallExpressionImpl.transformSelector(FirSafeCallExpressionImpl.kt:58)
	at org.jetbrains.kotlin.fir.expressions.impl.FirSafeCallExpressionImpl.transformSelector(FirSafeCallExpressionImpl.kt:23)
	at org.jetbrains.kotlin.fir.resolve.transformers.FirCallCompletionResultsWriterTransformer.transformSafeCallExpression(FirCallCompletionResultsWriterTransformer.kt:792)
	at org.jetbrains.kotlin.fir.resolve.transformers.FirCallCompletionResultsWriterTransformer.transformSafeCallExpression(FirCallCompletionResultsWriterTransformer.kt:68)
	at org.jetbrains.kotlin.fir.expressions.FirSafeCallExpression.transform(FirSafeCallExpression.kt:35)
	at org.jetbrains.kotlin.fir.visitors.FirTransformerUtilKt.transformInplace(FirTransformerUtil.kt:20)
	at org.jetbrains.kotlin.fir.expressions.impl.FirBlockImpl.transformStatements(FirBlockImpl.kt:52)
	at org.jetbrains.kotlin.fir.expressions.impl.FirBlockImpl.transformChildren(FirBlockImpl.kt:41)
	at org.jetbrains.kotlin.fir.expressions.impl.FirBlockImpl.transformChildren(FirBlockImpl.kt:25)
	at org.jetbrains.kotlin.fir.resolve.transformers.FirAbstractTreeTransformer.transformElement(FirAbstractTreeTransformer.kt:14)
	at org.jetbrains.kotlin.fir.resolve.transformers.FirCallCompletionResultsWriterTransformer.transformElement(FirCallCompletionResultsWriterTransformer.kt:1513)
	at org.jetbrains.kotlin.fir.resolve.transformers.FirCallCompletionResultsWriterTransformer.transformBlock(FirCallCompletionResultsWriterTransformer.kt:1253)
	at org.jetbrains.kotlin.fir.resolve.transformers.FirCallCompletionResultsWriterTransformer.transformBlock(FirCallCompletionResultsWriterTransformer.kt:68)
	at org.jetbrains.kotlin.fir.expressions.FirBlock.transform(FirBlock.kt:33)
	at org.jetbrains.kotlin.fir.expressions.impl.FirTryExpressionImpl.transformTryBlock(FirTryExpressionImpl.kt:63)
	at org.jetbrains.kotlin.fir.expressions.impl.FirTryExpressionImpl.transformTryBlock(FirTryExpressionImpl.kt:23)
	at org.jetbrains.kotlin.fir.resolve.transformers.FirCallCompletionResultsWriterTransformer.transformTryExpression(FirCallCompletionResultsWriterTransformer.kt:1906)
	at org.jetbrains.kotlin.fir.resolve.transformers.FirCallCompletionResultsWriterTransformer.transformTryExpression(FirCallCompletionResultsWriterTransformer.kt:68)
	at org.jetbrains.kotlin.fir.expressions.FirTryExpression.transform(FirTryExpression.kt:36)
	at org.jetbrains.kotlin.fir.visitors.FirTransformerUtilKt.transformSingle(FirTransformerUtil.kt:13)
	at org.jetbrains.kotlin.fir.resolve.inference.FirCallCompleter.completeCall(FirCallCompleter.kt:124)
	at org.jetbrains.kotlin.fir.resolve.inference.FirCallCompleter.completeCall$default(FirCallCompleter.kt:69)
	at org.jetbrains.kotlin.fir.resolve.transformers.body.resolve.FirControlFlowStatementsResolveTransformer.transformTryExpression(FirControlFlowStatementsResolveTransformer.kt:154)
	at org.jetbrains.kotlin.fir.resolve.transformers.body.resolve.FirAbstractBodyResolveTransformerDispatcher.transformTryExpression(FirAbstractBodyResolveTransformerDispatcher.kt:715)
	at org.jetbrains.kotlin.fir.resolve.transformers.body.resolve.FirAbstractBodyResolveTransformerDispatcher.transformTryExpression(FirAbstractBodyResolveTransformerDispatcher.kt:27)
	at org.jetbrains.kotlin.fir.expressions.FirTryExpression.transform(FirTryExpression.kt:36)
	at org.jetbrains.kotlin.fir.expressions.FirExpressionUtilKt.transformStatementsIndexed(FirExpressionUtil.kt:253)
	at org.jetbrains.kotlin.fir.resolve.transformers.body.resolve.FirExpressionsResolveTransformer.transformBlockInCurrentScope$org_jetbrains_kotlin_resolve(FirExpressionsResolveTransformer.kt:856)
	at org.jetbrains.kotlin.fir.resolve.transformers.body.resolve.FirExpressionsResolveTransformer.transformBlock(FirExpressionsResolveTransformer.kt:847)
	at org.jetbrains.kotlin.fir.resolve.transformers.body.resolve.FirAbstractBodyResolveTransformerDispatcher.transformBlock(FirAbstractBodyResolveTransformerDispatcher.kt:227)
	at org.jetbrains.kotlin.fir.resolve.transformers.body.resolve.FirAbstractBodyResolveTransformerDispatcher.transformBlock(FirAbstractBodyResolveTransformerDispatcher.kt:27)
	at org.jetbrains.kotlin.fir.expressions.FirBlock.transform(FirBlock.kt:33)
	at org.jetbrains.kotlin.fir.resolve.transformers.body.resolve.FirPartialBodyResolveTransformer.transformElement(FirPartialBodyResolveTransformer.kt:36)
	at org.jetbrains.kotlin.fir.resolve.transformers.body.resolve.FirPartialBodyResolveTransformer.transformElement(FirPartialBodyResolveTransformer.kt:13)
	at org.jetbrains.kotlin.fir.visitors.FirTransformer.transformBlock(FirTransformer.kt:183)
	at org.jetbrains.kotlin.fir.expressions.FirBlock.transform(FirBlock.kt:33)
	at org.jetbrains.kotlin.fir.declarations.impl.FirAnonymousFunctionImpl.transformBody(FirAnonymousFunctionImpl.kt:134)
	at org.jetbrains.kotlin.fir.declarations.impl.FirAnonymousFunctionImpl.transformBody(FirAnonymousFunctionImpl.kt:33)
	at org.jetbrains.kotlin.fir.resolve.transformers.body.resolve.FirDeclarationsResolveTransformer.transformFunctionContent(FirDeclarationsResolveTransformer.kt:1108)
	at org.jetbrains.kotlin.fir.resolve.transformers.body.resolve.FirDeclarationsResolveTransformer.transformAnonymousFunctionBody$lambda$0(FirDeclarationsResolveTransformer.kt:1535)
	at org.jetbrains.kotlin.fir.resolve.transformers.body.resolve.BodyResolveContext.withAnonymousFunction(BodyResolveContext.kt:932)
	at org.jetbrains.kotlin.fir.resolve.transformers.body.resolve.FirDeclarationsResolveTransformer.transformAnonymousFunctionBody(FirDeclarationsResolveTransformer.kt:1525)
	at org.jetbrains.kotlin.fir.resolve.transformers.body.resolve.FirDeclarationsResolveTransformer.doTransformAnonymousFunctionBodyFromCallCompletion$org_jetbrains_kotlin_resolve(FirDeclarationsResolveTransformer.kt:1515)
	at org.jetbrains.kotlin.fir.resolve.inference.FirCallCompleter$LambdaAnalyzerImpl.analyzeAndGetLambdaReturnArguments$lambda$5$2(FirCallCompleter.kt:504)
	at org.jetbrains.kotlin.fir.resolve.inference.FirInferenceSession.runLambdaCompletion(FirInferenceSession.kt:38)
	at org.jetbrains.kotlin.fir.resolve.inference.FirCallCompleter$LambdaAnalyzerImpl.analyzeAndGetLambdaReturnArguments(FirCallCompleter.kt:503)
	at org.jetbrains.kotlin.fir.resolve.inference.PostponedArgumentsAnalyzer.analyzeLambda(PostponedArgumentsAnalyzer.kt:301)
	at org.jetbrains.kotlin.fir.resolve.inference.PostponedArgumentsAnalyzer.analyzeLambda$default(PostponedArgumentsAnalyzer.kt:244)
	at org.jetbrains.kotlin.fir.resolve.inference.PostponedArgumentsAnalyzer.analyze(PostponedArgumentsAnalyzer.kt:70)
	at org.jetbrains.kotlin.fir.resolve.inference.FirCallCompleter.runCompletionForCall$lambda$0(FirCallCompleter.kt:327)
	at org.jetbrains.kotlin.fir.resolve.inference.ConstraintSystemCompleter.analyze(ConstraintSystemCompleter.kt:57)
	at org.jetbrains.kotlin.fir.resolve.inference.ConstraintSystemCompleter.analyze$default(ConstraintSystemCompleter.kt:53)
	at org.jetbrains.kotlin.fir.resolve.inference.ConstraintSystemCompleter.runCompletion$lambda$0(ConstraintSystemCompleter.kt:99)
	at org.jetbrains.kotlin.resolve.calls.inference.components.ConstraintSystemCompletionContext.analyzeArgumentWithFixedParameterTypes(ConstraintSystemCompletionContext.kt:50)
	at org.jetbrains.kotlin.fir.resolve.inference.ConstraintSystemCompleter.runCompletion(ConstraintSystemCompleter.kt:98)
	at org.jetbrains.kotlin.fir.resolve.inference.ConstraintSystemCompleter.complete(ConstraintSystemCompleter.kt:72)
	at org.jetbrains.kotlin.fir.resolve.inference.FirCallCompleter.runCompletionForCall(FirCallCompleter.kt:320)
	at org.jetbrains.kotlin.fir.resolve.inference.FirCallCompleter.completeCall(FirCallCompleter.kt:117)
	at org.jetbrains.kotlin.fir.resolve.transformers.body.resolve.FirExpressionsResolveTransformer.transformFunctionCallInternal$org_jetbrains_kotlin_resolve(FirExpressionsResolveTransformer.kt:699)
	at org.jetbrains.kotlin.fir.resolve.transformers.body.resolve.FirExpressionsResolveTransformer.transformFunctionCall(FirExpressionsResolveTransformer.kt:622)
	at org.jetbrains.kotlin.fir.resolve.transformers.body.resolve.FirExpressionsResolveTransformer.transformFunctionCall(FirExpressionsResolveTransformer.kt:69)
	at org.jetbrains.kotlin.fir.expressions.FirFunctionCall.transform(FirFunctionCall.kt:45)
	at org.jetbrains.kotlin.fir.visitors.FirTransformerUtilKt.transformSingle(FirTransformerUtil.kt:13)
	at org.jetbrains.kotlin.fir.resolve.transformers.body.resolve.FirExpressionsResolveTransformer.transformAsExplicitReceiver(FirExpressionsResolveTransformer.kt:414)
	at org.jetbrains.kotlin.fir.resolve.transformers.body.resolve.FirExpressionsResolveTransformer.transformExplicitReceiverOf(FirExpressionsResolveTransformer.kt:396)
	at org.jetbrains.kotlin.fir.resolve.transformers.body.resolve.FirExpressionsResolveTransformer.transformFunctionCallInternal$org_jetbrains_kotlin_resolve(FirExpressionsResolveTransformer.kt:678)
	at org.jetbrains.kotlin.fir.resolve.transformers.body.resolve.FirExpressionsResolveTransformer.transformFunctionCall(FirExpressionsResolveTransformer.kt:622)
	at org.jetbrains.kotlin.fir.resolve.transformers.body.resolve.FirAbstractBodyResolveTransformerDispatcher.transformFunctionCall(FirAbstractBodyResolveTransformerDispatcher.kt:200)
	at org.jetbrains.kotlin.fir.resolve.transformers.body.resolve.FirAbstractBodyResolveTransformerDispatcher.transformFunctionCall(FirAbstractBodyResolveTransformerDispatcher.kt:27)
	at org.jetbrains.kotlin.fir.expressions.FirFunctionCall.transform(FirFunctionCall.kt:45)
	at org.jetbrains.kotlin.fir.expressions.FirExpressionUtilKt.transformStatementsIndexed(FirExpressionUtil.kt:253)
	at org.jetbrains.kotlin.fir.resolve.transformers.body.resolve.FirExpressionsResolveTransformer.transformBlockInCurrentScope$org_jetbrains_kotlin_resolve(FirExpressionsResolveTransformer.kt:856)
	at org.jetbrains.kotlin.fir.resolve.transformers.body.resolve.FirExpressionsResolveTransformer.transformBlock(FirExpressionsResolveTransformer.kt:847)
	at org.jetbrains.kotlin.fir.resolve.transformers.body.resolve.FirAbstractBodyResolveTransformerDispatcher.transformBlock(FirAbstractBodyResolveTransformerDispatcher.kt:227)
	at org.jetbrains.kotlin.fir.resolve.transformers.body.resolve.FirAbstractBodyResolveTransformerDispatcher.transformBlock(FirAbstractBodyResolveTransformerDispatcher.kt:27)
	at org.jetbrains.kotlin.fir.expressions.FirBlock.transform(FirBlock.kt:33)
	at org.jetbrains.kotlin.fir.resolve.transformers.body.resolve.FirPartialBodyResolveTransformer.transformElement(FirPartialBodyResolveTransformer.kt:36)
	at org.jetbrains.kotlin.fir.resolve.transformers.body.resolve.FirPartialBodyResolveTransformer.transformElement(FirPartialBodyResolveTransformer.kt:13)
	at org.jetbrains.kotlin.fir.visitors.FirTransformer.transformBlock(FirTransformer.kt:183)
	at org.jetbrains.kotlin.fir.expressions.FirBlock.transform(FirBlock.kt:33)
	at org.jetbrains.kotlin.fir.declarations.impl.FirNamedFunctionImpl.transformBody(FirNamedFunctionImpl.kt:117)
	at org.jetbrains.kotlin.fir.declarations.impl.FirNamedFunctionImpl.transformBody(FirNamedFunctionImpl.kt:32)
	at org.jetbrains.kotlin.fir.resolve.transformers.body.resolve.FirDeclarationsResolveTransformer.transformFunctionContent(FirDeclarationsResolveTransformer.kt:1108)
	at org.jetbrains.kotlin.fir.resolve.transformers.body.resolve.FirDeclarationsResolveTransformer.transformFunctionWithGivenSignature(FirDeclarationsResolveTransformer.kt:1026)
	at org.jetbrains.kotlin.fir.resolve.transformers.body.resolve.FirDeclarationsResolveTransformer.access$transformFunctionWithGivenSignature(FirDeclarationsResolveTransformer.kt:69)
	at org.jetbrains.kotlin.fir.resolve.transformers.body.resolve.FirDeclarationsResolveTransformer.transformNamedFunction$lambda$0$0$0(FirDeclarationsResolveTransformer.kt:1018)
	at org.jetbrains.kotlin.fir.resolve.transformers.body.resolve.BodyResolveContext.withParameters(BodyResolveContext.kt:1546)
	at org.jetbrains.kotlin.fir.resolve.transformers.body.resolve.BodyResolveContext.forFunctionBody(BodyResolveContext.kt:876)
	at org.jetbrains.kotlin.fir.resolve.transformers.body.resolve.FirDeclarationsResolveTransformer.transformNamedFunction(FirDeclarationsResolveTransformer.kt:1016)
	at org.jetbrains.kotlin.fir.resolve.transformers.body.resolve.FirAbstractBodyResolveTransformerDispatcher.transformNamedFunction(FirAbstractBodyResolveTransformerDispatcher.kt:579)
	at org.jetbrains.kotlin.fir.resolve.transformers.body.resolve.FirAbstractBodyResolveTransformerDispatcher.transformNamedFunction(FirAbstractBodyResolveTransformerDispatcher.kt:27)
	at org.jetbrains.kotlin.fir.declarations.FirNamedFunction.transform(FirNamedFunction.kt:75)
	at org.jetbrains.kotlin.fir.visitors.FirTransformerUtilKt.transformInplace(FirTransformerUtil.kt:20)
	at org.jetbrains.kotlin.fir.declarations.impl.FirRegularClassImpl.transformDeclarations(FirRegularClassImpl.kt:97)
	at org.jetbrains.kotlin.fir.declarations.impl.FirRegularClassImpl.transformChildren(FirRegularClassImpl.kt:79)
	at org.jetbrains.kotlin.fir.declarations.impl.FirRegularClassImpl.transformChildren(FirRegularClassImpl.kt:31)
	at org.jetbrains.kotlin.fir.resolve.transformers.body.resolve.FirAbstractBodyResolveTransformerDispatcher.transformElement(FirAbstractBodyResolveTransformerDispatcher.kt:92)
	at org.jetbrains.kotlin.fir.resolve.transformers.body.resolve.FirAbstractBodyResolveTransformerDispatcher.transformDeclarationContent(FirAbstractBodyResolveTransformerDispatcher.kt:467)
	at org.jetbrains.kotlin.fir.resolve.transformers.body.resolve.FirDeclarationsResolveTransformer.transformDeclarationContent(FirDeclarationsResolveTransformer.kt:85)
	at org.jetbrains.kotlin.fir.resolve.transformers.body.resolve.FirDeclarationsResolveTransformer.doTransformRegularClassContent$lambda$0(FirDeclarationsResolveTransformer.kt:945)
	at org.jetbrains.kotlin.fir.resolve.transformers.body.resolve.FirDeclarationsResolveTransformer.forRegularClassBody$lambda$0(FirDeclarationsResolveTransformer.kt:954)
	at org.jetbrains.kotlin.fir.resolve.transformers.body.resolve.BodyResolveContext.forRegularClassBody$lambda$0$0(BodyResolveContext.kt:1964)
	at org.jetbrains.kotlin.fir.resolve.transformers.body.resolve.BodyResolveContext.withScopesForClass(BodyResolveContext.kt:703)
	at org.jetbrains.kotlin.fir.resolve.transformers.body.resolve.BodyResolveContext.forRegularClassBody(BodyResolveContext.kt:528)
	at org.jetbrains.kotlin.fir.resolve.transformers.body.resolve.FirDeclarationsResolveTransformer.forRegularClassBody(FirDeclarationsResolveTransformer.kt:953)
	at org.jetbrains.kotlin.fir.resolve.transformers.body.resolve.FirDeclarationsResolveTransformer.doTransformRegularClassContent(FirDeclarationsResolveTransformer.kt:944)
	at org.jetbrains.kotlin.fir.resolve.transformers.body.resolve.FirDeclarationsResolveTransformer.transformRegularClass(FirDeclarationsResolveTransformer.kt:855)
	at org.jetbrains.kotlin.fir.resolve.transformers.body.resolve.FirAbstractBodyResolveTransformerDispatcher.transformRegularClass(FirAbstractBodyResolveTransformerDispatcher.kt:552)
	at org.jetbrains.kotlin.fir.resolve.transformers.body.resolve.FirAbstractBodyResolveTransformerDispatcher.transformRegularClass(FirAbstractBodyResolveTransformerDispatcher.kt:27)
	at org.jetbrains.kotlin.fir.declarations.FirRegularClass.transform(FirRegularClass.kt:70)
	at org.jetbrains.kotlin.fir.visitors.FirTransformerUtilKt.transformInplace(FirTransformerUtil.kt:20)
	at org.jetbrains.kotlin.fir.declarations.impl.FirFileImpl.transformDeclarations(FirFileImpl.kt:83)
	at org.jetbrains.kotlin.fir.declarations.impl.FirFileImpl.transformChildren(FirFileImpl.kt:68)
	at org.jetbrains.kotlin.fir.declarations.impl.FirFileImpl.transformChildren(FirFileImpl.kt:29)
	at org.jetbrains.kotlin.fir.resolve.transformers.body.resolve.FirAbstractBodyResolveTransformerDispatcher.transformElement(FirAbstractBodyResolveTransformerDispatcher.kt:92)
	at org.jetbrains.kotlin.fir.resolve.transformers.body.resolve.FirAbstractBodyResolveTransformerDispatcher.transformDeclarationContent(FirAbstractBodyResolveTransformerDispatcher.kt:467)
	at org.jetbrains.kotlin.fir.resolve.transformers.body.resolve.FirDeclarationsResolveTransformer.transformDeclarationContent(FirDeclarationsResolveTransformer.kt:85)
	at org.jetbrains.kotlin.fir.resolve.transformers.body.resolve.FirDeclarationsResolveTransformer.doTransformFile$lambda$0(FirDeclarationsResolveTransformer.kt:917)
	at org.jetbrains.kotlin.fir.resolve.transformers.body.resolve.FirDeclarationsResolveTransformer.withFile(FirDeclarationsResolveTransformer.kt:930)
	at org.jetbrains.kotlin.fir.resolve.transformers.body.resolve.FirDeclarationsResolveTransformer.doTransformFile(FirDeclarationsResolveTransformer.kt:916)
	at org.jetbrains.kotlin.fir.resolve.transformers.body.resolve.FirDeclarationsResolveTransformer.transformFile(FirDeclarationsResolveTransformer.kt:833)
	... 44 more


